[17:28:02] [main/INFO] (FabricLoader/GameProvider) Loading Minecraft 1.19.2 with Fabric Loader 0.16.10
[17:28:03] [main/INFO] (FabricLoader) Loading 97 mods:
	- create 0.5.1-i-build.1630+mc1.19.2
	   |-- com_google_code_findbugs_jsr305 3.0.2
	   |-- flywheel 0.6.11-9
	   |-- forge_tags 3.0
	   |-- forgeconfigapiport 4.2.11
	   |    |-- com_electronwill_night-config_core 3.6.5
	   |    \-- com_electronwill_night-config_toml 3.6.5
	   |-- milk 1.0.51
	   |    \-- dripstone_fluid_lib 2.0.1
	   |-- porting_lib_accessors 2.1.1453+1.19.2
	   |-- porting_lib_base 2.1.1453+1.19.2
	   |    |-- mm 2.3
	   |    |-- porting_lib_attributes 2.1.1453+1.19.2
	   |    |-- porting_lib_common 2.1.1453+1.19.2
	   |    |-- porting_lib_constants 2.1.1453+1.19.2
	   |    |-- porting_lib_lazy_registration 2.1.1453+1.19.2
	   |    |-- porting_lib_loot 2.1.1453+1.19.2
	   |    |-- porting_lib_model_generators 2.1.1453+1.19.2
	   |    |-- porting_lib_model_loader 2.1.1453+1.19.2
	   |    |-- porting_lib_models 2.1.1453+1.19.2
	   |    \-- serialization_hooks 0.3.26
	   |-- porting_lib_entity 2.1.1453+1.19.2
	   |    \-- porting_lib_constants 2.1.1453+1.19.2
	   |-- porting_lib_extensions 2.1.1453+1.19.2
	   |    |-- porting_lib_attributes 2.1.1453+1.19.2
	   |    |-- porting_lib_common 2.1.1453+1.19.2
	   |    \-- porting_lib_constants 2.1.1453+1.19.2
	   |-- porting_lib_fake_players 2.1.1453+1.19.2
	   |-- porting_lib_networking 2.1.1453+1.19.2
	   |-- porting_lib_obj_loader 2.1.1453+1.19.2
	   |    |-- porting_lib_attributes 2.1.1453+1.19.2
	   |    |-- porting_lib_common 2.1.1453+1.19.2
	   |    |-- porting_lib_constants 2.1.1453+1.19.2
	   |    \-- porting_lib_model_loader 2.1.1453+1.19.2
	   |-- porting_lib_transfer 2.1.1453+1.19.2
	   |    |-- porting_lib_attributes 2.1.1453+1.19.2
	   |    |-- porting_lib_common 2.1.1453+1.19.2
	   |    \-- porting_lib_constants 2.1.1453+1.19.2
	   |-- reach-entity-attributes 2.3.0
	   \-- registrate-fabric 1.1.58-MC1.19.2
	- devauth 1.2.0
	- emi 1.1.22+1.19.2+fabric
	- fabric-api 0.77.0+1.19.2
	- fabric-api-base 0.4.15+8f4e8eb390
	- fabric-api-lookup-api-v1 1.6.14+93d8cb8290
	- fabric-biome-api-v1 9.1.1+16f1e31390
	- fabric-block-api-v1 1.0.2+e415d50e90
	- fabric-blockrenderlayer-v1 1.1.25+cafc6e8e90
	- fabric-client-tags-api-v1 1.0.5+b35fea8390
	- fabric-command-api-v2 2.2.1+413cbbc790
	- fabric-content-registries-v0 3.5.2+7c6cd14d90
	- fabric-convention-tags-v1 1.3.0+4bc6e26290
	- fabric-crash-report-info-v1 0.2.8+aeb40ebe90
	- fabric-data-generation-api-v1 5.3.9+413cbbc790
	- fabric-dimensions-v1 2.1.35+0d0f210290
	- fabric-entity-events-v1 1.5.4+9244241690
	- fabric-events-interaction-v0 0.4.34+562bff6e90
	- fabric-game-rule-api-v1 1.0.24+b6b6abb490
	- fabric-gametest-api-v1 1.1.8+4d0d570390
	- fabric-item-api-v1 1.6.6+b7d1888890
	- fabric-item-groups-v0 0.3.39+9244241690
	- fabric-key-binding-api-v1 1.0.25+5c4fce2890
	- fabric-lifecycle-events-v1 2.2.4+1b46dc7890
	- fabric-loot-api-v2 1.1.13+83a8659290
	- fabric-message-api-v1 5.0.7+93d8cb8290
	- fabric-mining-level-api-v1 2.1.24+33fbc73890
	- fabric-models-v0 0.3.21+c6af733c90
	- fabric-networking-api-v1 1.2.12+def3f86d90
	- fabric-object-builder-api-v1 4.2.2+d8ef690890
	- fabric-particles-v1 1.1.0+ee641e7390
	- fabric-recipe-api-v1 1.0.2+413cbbc790
	- fabric-registry-sync-v0 0.9.33+9244241690
	- fabric-renderer-api-v1 1.2.1+1adbf27790
	- fabric-renderer-indigo 0.8.0+1adbf27790
	- fabric-rendering-data-attachment-v1 0.3.19+6e0787e690
	- fabric-rendering-fluids-v1 3.0.11+4d0d570390
	- fabric-rendering-v1 1.13.0+526f2c6790
	- fabric-resource-conditions-api-v1 2.1.2+aae9039d90
	- fabric-resource-loader-v0 0.8.4+edbdcddb90
	- fabric-screen-api-v1 1.0.32+4d0d570390
	- fabric-screen-handler-api-v1 1.3.8+1cc24b1b90
	- fabric-sound-api-v1 1.0.2+c4f28df590
	- fabric-textures-v0 1.0.24+aeb40ebe90
	- fabric-transfer-api-v1 2.1.6+413cbbc790
	- fabric-transitive-access-wideners-v1 1.3.3+08b73de490
	- fabricloader 0.16.10
	   \-- mixinextras 0.4.1
	- geckolib3 3.1.40
	   \-- com_eliotlash_mclib_mclib 20
	- icarus 1.14
	- java 17
	- midnightlib 1.0.0
	- minecraft 1.19.2
	- modmenu 4.2.0-beta.2
	- origins 1.7.1
	   |-- apoli 2.6.1
	   |    |-- additionalentityattributes 1.0.0+1.19
	   |    |-- calio 1.7.0
	   |    |-- cloth-config 8.0.75
	   |    |    \-- cloth-basic-math 0.6.1
	   |    \-- playerabilitylib 1.6.0
	   \-- reach-entity-attributes 2.3.0
	- pickyourpoison 1.0.11
	   |-- cardinal-components-base 5.0.2
	   |-- cardinal-components-entity 5.0.2
	   \-- org_json_json 20211205
	- satin 1.9.2
	- timeshattered 0.0.1-1.19.2
	- trinkets 3.4.2
[17:28:12] [main/INFO] (FabricLoader/Mixin) SpongePowered MIXIN Subsystem Version=0.8.7 Source=file:/C:/Users/oskar/.gradle/caches/modules-2/files-2.1/net.fabricmc/sponge-mixin/0.15.4+mixin.0.8.7/6a12aacc794f1078458433116e9ed42c1cc98096/sponge-mixin-0.15.4+mixin.0.8.7.jar Service=Knot/Fabric Env=CLIENT
[17:28:12] [main/INFO] (FabricLoader/Mixin) Loaded Fabric development mappings for mixin remapper!
[17:28:13] [main/INFO] (FabricLoader/Mixin) Compatibility level set to JAVA_16
[17:28:13] [main/INFO] (FabricLoader/Mixin) Compatibility level set to JAVA_17
[17:28:14] [main/WARN] (FabricLoader/Mixin) Error loading class: mezz/jei/library/load/PluginCaller (java.lang.ClassNotFoundException: mezz/jei/library/load/PluginCaller)
[17:28:14] [main/INFO] (FabricLoader/MixinExtras|Service) Initializing MixinExtras via com.llamalad7.mixinextras.service.MixinExtrasServiceImpl(version=0.4.1).
[17:28:14] [main/INFO] (DevAuth/Microsoft) Fetching token session
[17:28:14] [main/INFO] (DevAuth/Microsoft) Fetching token xsts
[17:28:14] [main/INFO] (DevAuth/Microsoft) Fetching token xbl
[17:28:14] [main/INFO] (DevAuth/Microsoft) Fetching token oauth
[17:28:14] [main/INFO] (DevAuth/Microsoft) OAuth URL, open this in a browser to complete authentication: https://login.live.com/oauth20_authorize.srf?client_id=757bb3b3-b7ca-4bcd-a160-c92e6379c263&response_type=code&redirect_uri=http%3A%2F%2F127.0.0.1%3A3000&scope=XboxLive.signin+XboxLive.offline_access&prompt=select_account&code_challenge=Rn2Qq5fsu3b8QBE1826qJYRzaOmHz1Prhsnkpuk-Av8&code_challenge_method=S256
[17:28:20] [main/INFO] (DevAuth/Microsoft) Fetched token oauth (Expiry: 2025-05-28T16:28:20Z or in 00:00:59:59)
[17:28:20] [main/INFO] (DevAuth/Microsoft) Fetched token xbl (Expiry: 2025-06-01T15:28:20Z or in 03:23:59:59)
[17:28:21] [main/INFO] (DevAuth/Microsoft) Fetched token xsts (Expiry: 2025-05-29T07:28:21Z or in 00:15:59:59)
[17:28:21] [main/INFO] (DevAuth/Microsoft) Fetched token session (Expiry: 2025-05-29T15:28:21Z or in 00:23:59:59)
[17:28:24] [main/ERROR] (FabricLoader) Minecraft has crashed!
net.fabricmc.loader.impl.FormattedException: java.lang.RuntimeException: Failed to login
	at net.fabricmc.loader.impl.FormattedException.ofLocalized(FormattedException.java:63) ~[fabric-loader-0.16.10.jar:?]
	at net.fabricmc.loader.impl.game.minecraft.MinecraftGameProvider.launch(MinecraftGameProvider.java:482) ~[fabric-loader-0.16.10.jar:?]
	at net.fabricmc.loader.impl.launch.knot.Knot.launch(Knot.java:74) [fabric-loader-0.16.10.jar:?]
	at net.fabricmc.loader.impl.launch.knot.KnotClient.main(KnotClient.java:23) [fabric-loader-0.16.10.jar:?]
	at net.fabricmc.devlaunchinjector.Main.main(Main.java:86) [dev-launch-injector-0.2.1+build.8.jar:?]
Caused by: java.lang.RuntimeException: Failed to login
	at me.djtheredstoner.devauth.common.auth.microsoft.MicrosoftAuthProvider.login(MicrosoftAuthProvider.java:176) ~[DevAuth-common-1.2.0.jar:?]
	at me.djtheredstoner.devauth.common.DevAuth.login(DevAuth.java:62) ~[DevAuth-common-1.2.0.jar:?]
	at me.djtheredstoner.devauth.common.DevAuth.processArguments(DevAuth.java:35) ~[DevAuth-common-1.2.0.jar:?]
	at net.minecraft.client.main.Main.localvar$zof000$devauth$modifyArgs(Main.java:514) ~[minecraft-merged-project-root-1.19.2-net.fabricmc.yarn.1_19_2.1.19.2+build.28-v2.jar:?]
	at net.minecraft.client.main.Main.main(Main.java) ~[minecraft-merged-project-root-1.19.2-net.fabricmc.yarn.1_19_2.1.19.2+build.28-v2.jar:?]
	at net.fabricmc.loader.impl.game.minecraft.MinecraftGameProvider.launch(MinecraftGameProvider.java:480) ~[fabric-loader-0.16.10.jar:?]
	... 3 more
Caused by: java.lang.RuntimeException: Failed to fetch minecraft profile
	at me.djtheredstoner.devauth.common.auth.microsoft.MicrosoftAuthProvider.getMinecraftProfile(MicrosoftAuthProvider.java:205) ~[DevAuth-common-1.2.0.jar:?]
	at me.djtheredstoner.devauth.common.auth.microsoft.MicrosoftAuthProvider.login(MicrosoftAuthProvider.java:171) ~[DevAuth-common-1.2.0.jar:?]
	at me.djtheredstoner.devauth.common.DevAuth.login(DevAuth.java:62) ~[DevAuth-common-1.2.0.jar:?]
	at me.djtheredstoner.devauth.common.DevAuth.processArguments(DevAuth.java:35) ~[DevAuth-common-1.2.0.jar:?]
	at net.minecraft.client.main.Main.localvar$zof000$devauth$modifyArgs(Main.java:514) ~[minecraft-merged-project-root-1.19.2-net.fabricmc.yarn.1_19_2.1.19.2+build.28-v2.jar:?]
	at net.minecraft.client.main.Main.main(Main.java) ~[minecraft-merged-project-root-1.19.2-net.fabricmc.yarn.1_19_2.1.19.2+build.28-v2.jar:?]
	at net.fabricmc.loader.impl.game.minecraft.MinecraftGameProvider.launch(MinecraftGameProvider.java:480) ~[fabric-loader-0.16.10.jar:?]
	... 3 more
Caused by: java.lang.RuntimeException: Received bad status 504 Gateway Timeout body: {
  "path" : "/minecraft/profile"
}
	at me.djtheredstoner.devauth.common.util.request.Http.checkStatus(Http.java:35) ~[DevAuth-common-1.2.0.jar:?]
	at me.djtheredstoner.devauth.common.auth.microsoft.MicrosoftAuthProvider.getMinecraftProfile(MicrosoftAuthProvider.java:193) ~[DevAuth-common-1.2.0.jar:?]
	at me.djtheredstoner.devauth.common.auth.microsoft.MicrosoftAuthProvider.login(MicrosoftAuthProvider.java:171) ~[DevAuth-common-1.2.0.jar:?]
	at me.djtheredstoner.devauth.common.DevAuth.login(DevAuth.java:62) ~[DevAuth-common-1.2.0.jar:?]
	at me.djtheredstoner.devauth.common.DevAuth.processArguments(DevAuth.java:35) ~[DevAuth-common-1.2.0.jar:?]
	at net.minecraft.client.main.Main.localvar$zof000$devauth$modifyArgs(Main.java:514) ~[minecraft-merged-project-root-1.19.2-net.fabricmc.yarn.1_19_2.1.19.2+build.28-v2.jar:?]
	at net.minecraft.client.main.Main.main(Main.java) ~[minecraft-merged-project-root-1.19.2-net.fabricmc.yarn.1_19_2.1.19.2+build.28-v2.jar:?]
	at net.fabricmc.loader.impl.game.minecraft.MinecraftGameProvider.launch(MinecraftGameProvider.java:480) ~[fabric-loader-0.16.10.jar:?]
	... 3 more
